=== app_pareto_full 2026-05-17T15:16:24.4868281+08:00 ===
[semantic_normalizer] normalizing explicit user intent
[semantic_normalizer] normalizing explicit user intent
[gatekeeper] extracting constraints
[gatekeeper] extracting constraints
[gatekeeper] baseline=3 score_waste=55
[radar] baseline=3 score_waste=55
[gatekeeper] baseline=3 score_waste=0
[radar] baseline=3 score_waste=0
[radar] opportunities=geo:5 city:0 major:0 strength:0 major_quality:0 tuition:0 employment:0 region_tree:0 major_geo:5 risk:0
[negotiator] generating options
[radar] opportunities=geo:4 city:0 major:0 strength:0 major_quality:0 tuition:0 employment:0 region_tree:0 major_geo:5 risk:0
[negotiator] generating options
[semantic_normalizer] normalizing explicit user intent
[gatekeeper] extracting constraints
[gatekeeper] baseline=3 score_waste=0
[radar] baseline=3 score_waste=0
[radar] opportunities=geo:0 city:0 major:0 strength:0 major_quality:0 tuition:0 employment:0 region_tree:0 major_geo:0 risk:6
[negotiator] generating options
[semantic_normalizer] normalizing explicit user intent
[gatekeeper] extracting constraints
[gatekeeper] baseline=3 score_waste=55
[radar] baseline=3 score_waste=55
[radar] opportunities=geo:5 city:0 major:0 strength:0 major_quality:0 tuition:5 employment:0 region_tree:0 major_geo:0 risk:0
[negotiator] generating options
[semantic_normalizer] normalizing explicit user intent
[gatekeeper] extracting constraints
[gatekeeper] baseline=3 score_waste=0
[radar] baseline=3 score_waste=0
[radar] opportunities=geo:5 city:0 major:0 strength:5 major_quality:0 tuition:0 employment:0 region_tree:0 major_geo:0 risk:0
[negotiator] generating options
[negotiator] generating options
[preference_tracker] updated implicit preference state
[radar] baseline=3 score_waste=0
[radar] opportunities=geo:5 city:0 major:0 strength:5 major_quality:0 tuition:0 employment:0 region_tree:0 major_geo:0 risk:0
[negotiator] generating options
[negotiator] generating options
[preference_tracker] updated implicit preference state
[semantic_normalizer] normalizing explicit user intent
[gatekeeper] extracting constraints
[gatekeeper] baseline=3 score_waste=25
[radar] baseline=3 score_waste=25
[radar] opportunities=geo:5 city:0 major:0 strength:0 major_quality:0 tuition:0 employment:0 region_tree:0 major_geo:0 risk:0
[negotiator] generating options
[negotiator] generating options
[preference_tracker] updated implicit preference state
[radar] baseline=3 score_waste=25
[preference_tracker] llm_feedback_parse_failed=TimeoutError; using hesitate/unknown
[radar] baseline=3 score_waste=0
[radar] opportunities=geo:5 city:0 major:0 strength:0 major_quality:0 tuition:0 employment:0 region_tree:0 major_geo:0 risk:0
[negotiator] generating options
[radar] opportunities=geo:5 city:0 major:0 strength:5 major_quality:0 tuition:0 employment:0 region_tree:0 major_geo:0 risk:0
[negotiator] generating options
[negotiator] generating options
[preference_tracker] updated implicit preference state
[radar] baseline=3 score_waste=25
[radar] global_baseline=9
[negotiator] generating options
=== done app_pareto_full exit=0 2026-05-17T15:20:06.6117863+08:00 ===
=== app_pareto_no_ucb 2026-05-17T15:20:06.6127840+08:00 ===
[semantic_normalizer] normalizing explicit user intent
[semantic_normalizer] normalizing explicit user intent
[gatekeeper] extracting constraints
[gatekeeper] extracting constraints
[gatekeeper] baseline=3 score_waste=55
[radar] baseline=3 score_waste=55
[gatekeeper] baseline=3 score_waste=0
[radar] baseline=3 score_waste=0
[radar] opportunities=geo:5 city:0 major:0 strength:0 major_quality:0 tuition:0 employment:0 region_tree:0 major_geo:5 risk:0
[negotiator] generating options
[negotiator] generating options
[preference_tracker] updated implicit preference state
[radar] opportunities=geo:4 city:0 major:0 strength:0 major_quality:0 tuition:0 employment:0 region_tree:0 major_geo:5 risk:0
[negotiator] generating options
[radar] baseline=3 score_waste=55
[radar] opportunities=geo:5 city:0 major:0 strength:0 major_quality:0 tuition:0 employment:0 region_tree:0 major_geo:5 risk:0
[negotiator] generating options
[negotiator] generating options
[preference_tracker] updated implicit preference state
[radar] baseline=3 score_waste=0
[radar] opportunities=geo:4 city:0 major:0 strength:0 major_quality:0 tuition:0 employment:0 region_tree:0 major_geo:5 risk:0
[negotiator] generating options
[negotiator] generating options
[preference_tracker] updated implicit preference state
[radar] baseline=3 score_waste=0
[radar] global_baseline=9
[negotiator] generating options
[negotiator] generating options
[preference_tracker] updated implicit preference state
[radar] baseline=3 score_waste=55
[radar] global_baseline=9
[negotiator] generating options
[semantic_normalizer] normalizing explicit user intent
[gatekeeper] extracting constraints
[gatekeeper] baseline=3 score_waste=0
[radar] baseline=3 score_waste=0
[radar] opportunities=geo:0 city:0 major:0 strength:0 major_quality:0 tuition:0 employment:0 region_tree:0 major_geo:0 risk:6
[negotiator] generating options
[negotiator] generating options
[preference_tracker] updated implicit preference state
[radar] baseline=3 score_waste=0
[radar] opportunities=geo:0 city:0 major:0 strength:0 major_quality:0 tuition:0 employment:0 region_tree:0 major_geo:0 risk:6
[negotiator] generating options
[semantic_normalizer] normalizing explicit user intent
[gatekeeper] extracting constraints
[gatekeeper] baseline=3 score_waste=0
[radar] baseline=3 score_waste=0
[radar] opportunities=geo:4 city:0 major:0 strength:0 major_quality:0 tuition:0 employment:0 region_tree:0 major_geo:5 risk:0
[negotiator] generating options
[negotiator] generating options
[preference_tracker] updated implicit preference state
[negotiator] generating options
[preference_tracker] updated implicit preference state
[radar] baseline=3 score_waste=0
[radar] opportunities=geo:0 city:0 major:0 strength:0 major_quality:0 tuition:0 employment:0 region_tree:0 major_geo:0 risk:6
[negotiator] generating options
[radar] baseline=3 score_waste=0
[radar] opportunities=geo:4 city:0 major:0 strength:0 major_quality:0 tuition:0 employment:0 region_tree:0 major_geo:5 risk:0
[negotiator] generating options
[negotiator] generating options
[preference_tracker] updated implicit preference state
[semantic_normalizer] normalizing explicit user intent
[gatekeeper] extracting constraints
[gatekeeper] baseline=3 score_waste=55
[radar] baseline=3 score_waste=55
[radar] opportunities=geo:5 city:0 major:0 strength:0 major_quality:0 tuition:5 employment:0 region_tree:0 major_geo:0 risk:0
[negotiator] generating options
[negotiator] generating options
[preference_tracker] updated implicit preference state
[radar] baseline=3 score_waste=55
[radar] opportunities=geo:5 city:0 major:0 strength:0 major_quality:0 tuition:5 employment:0 region_tree:0 major_geo:0 risk:0
[negotiator] generating options
[negotiator] generating options
[preference_tracker] updated implicit preference state
[radar] baseline=3 score_waste=55
[radar] global_baseline=9
[negotiator] generating options
[radar] baseline=3 score_waste=0
[radar] global_baseline=9
[negotiator] generating options
[semantic_normalizer] normalizing explicit user intent
[gatekeeper] extracting constraints
[gatekeeper] baseline=3 score_waste=0
[radar] baseline=3 score_waste=0
[radar] opportunities=geo:5 city:0 major:0 strength:5 major_quality:0 tuition:0 employment:0 region_tree:0 major_geo:0 risk:0
[negotiator] generating options
[semantic_normalizer] normalizing explicit user intent
[gatekeeper] extracting constraints
[gatekeeper] baseline=3 score_waste=25
[radar] baseline=3 score_waste=25
[negotiator] generating options
[preference_tracker] updated implicit preference state
[radar] opportunities=geo:5 city:0 major:0 strength:0 major_quality:0 tuition:0 employment:0 region_tree:0 major_geo:0 risk:0
[negotiator] generating options
[radar] baseline=3 score_waste=0
[radar] opportunities=geo:5 city:0 major:0 strength:5 major_quality:0 tuition:0 employment:0 region_tree:0 major_geo:0 risk:0
[negotiator] generating options
[negotiator] generating options
[preference_tracker] updated implicit preference state
[radar] baseline=3 score_waste=25
[radar] opportunities=geo:5 city:0 major:0 strength:0 major_quality:0 tuition:0 employment:0 region_tree:0 major_geo:0 risk:0
[negotiator] generating options
[negotiator] generating options
[preference_tracker] updated implicit preference state
[radar] baseline=3 score_waste=25
[radar] opportunities=geo:5 city:0 major:0 strength:0 major_quality:0 tuition:0 employment:0 region_tree:0 major_geo:0 risk:0
[negotiator] generating options
[negotiator] generating options
[preference_tracker] updated implicit preference state
[radar] baseline=3 score_waste=0
[radar] opportunities=geo:5 city:0 major:0 strength:5 major_quality:0 tuition:0 employment:0 region_tree:0 major_geo:0 risk:0
[negotiator] generating options
=== done app_pareto_no_ucb exit=0 2026-05-17T15:25:56.4413003+08:00 ===
=== app_pareto_no_tracker 2026-05-17T15:25:56.4442995+08:00 ===
[semantic_normalizer] normalizing explicit user intent
[semantic_normalizer] normalizing explicit user intent
[gatekeeper] extracting constraints
[gatekeeper] extracting constraints
[gatekeeper] baseline=3 score_waste=0
[radar] baseline=3 score_waste=0
[gatekeeper] baseline=3 score_waste=55
[radar] baseline=3 score_waste=55
[radar] opportunities=geo:5 city:0 major:0 strength:0 major_quality:0 tuition:0 employment:0 region_tree:0 major_geo:5 risk:0
[negotiator] generating options
[negotiator] generating options
[preference_tracker] updated implicit preference state
[radar] baseline=3 score_waste=55
[radar] opportunities=geo:5 city:0 major:0 strength:0 major_quality:0 tuition:0 employment:0 region_tree:0 major_geo:5 risk:0
[negotiator] generating options
[radar] opportunities=geo:4 city:0 major:0 strength:0 major_quality:0 tuition:0 employment:0 region_tree:0 major_geo:5 risk:0
[negotiator] generating options
[negotiator] generating options
[preference_tracker] updated implicit preference state
[radar] baseline=3 score_waste=55
[radar] opportunities=geo:5 city:0 major:0 strength:0 major_quality:0 tuition:0 employment:0 region_tree:0 major_geo:5 risk:0
[negotiator] generating options
[semantic_normalizer] normalizing explicit user intent
[gatekeeper] extracting constraints
[gatekeeper] baseline=3 score_waste=0
[radar] baseline=3 score_waste=0
[radar] opportunities=geo:0 city:0 major:0 strength:0 major_quality:0 tuition:0 employment:0 region_tree:0 major_geo:0 risk:6
[negotiator] generating options
[semantic_normalizer] normalizing explicit user intent
[gatekeeper] extracting constraints
[gatekeeper] baseline=3 score_waste=55
[radar] baseline=3 score_waste=55
[radar] opportunities=geo:5 city:0 major:0 strength:0 major_quality:0 tuition:5 employment:0 region_tree:0 major_geo:0 risk:0
[negotiator] generating options
[semantic_normalizer] normalizing explicit user intent
[gatekeeper] extracting constraints
[gatekeeper] baseline=3 score_waste=0
[radar] baseline=3 score_waste=0
[radar] opportunities=geo:5 city:0 major:0 strength:5 major_quality:0 tuition:0 employment:0 region_tree:0 major_geo:0 risk:0
[negotiator] generating options
[negotiator] generating options
[preference_tracker] updated implicit preference state
[radar] baseline=3 score_waste=0
[radar] opportunities=geo:5 city:0 major:0 strength:5 major_quality:0 tuition:0 employment:0 region_tree:0 major_geo:0 risk:0
[negotiator] generating options
[semantic_normalizer] normalizing explicit user intent
[gatekeeper] extracting constraints
[gatekeeper] baseline=3 score_waste=25
[radar] baseline=3 score_waste=25
[radar] opportunities=geo:5 city:0 major:0 strength:0 major_quality:0 tuition:0 employment:0 region_tree:0 major_geo:0 risk:0
[negotiator] generating options
[negotiator] generating options
[preference_tracker] updated implicit preference state
[radar] baseline=3 score_waste=25
[radar] opportunities=geo:5 city:0 major:0 strength:0 major_quality:0 tuition:0 employment:0 region_tree:0 major_geo:0 risk:0
[negotiator] generating options
[negotiator] generating options
[preference_tracker] updated implicit preference state
[radar] baseline=3 score_waste=25
[radar] opportunities=geo:5 city:0 major:0 strength:0 major_quality:0 tuition:0 employment:0 region_tree:0 major_geo:0 risk:0
[negotiator] generating options
[semantic_normalizer] normalizing explicit user intent
[gatekeeper] extracting constraints
[gatekeeper] baseline=3 score_waste=0
[radar] baseline=3 score_waste=0
[radar] opportunities=geo:5 city:0 major:0 strength:5 major_quality:0 tuition:0 employment:0 region_tree:0 major_geo:0 risk:0
[negotiator] generating options
[negotiator] generating options
[preference_tracker] updated implicit preference state
[radar] baseline=3 score_waste=0
[radar] opportunities=geo:5 city:0 major:0 strength:5 major_quality:0 tuition:0 employment:0 region_tree:0 major_geo:0 risk:0
[negotiator] generating options
[negotiator] generating options
[preference_tracker] updated implicit preference state
[radar] baseline=3 score_waste=0
[radar] opportunities=geo:5 city:0 major:0 strength:5 major_quality:0 tuition:0 employment:0 region_tree:0 major_geo:0 risk:0
[negotiator] generating options
=== done app_pareto_no_tracker exit=0 2026-05-17T15:30:46.0579588+08:00 ===
